// Jest Snapshot v1, https://goo.gl/fbAQLP

exports[`<Lifecycle /> render scorret 1`] = `
<div
  style={
    Object {
      "border": "5px solid red",
      "padding": "5px",
    }
  }
>
  <p>
    计数器
    :
    0
  </p>
  <button
    onClick={[Function]}
  >
    +
  </button>
  <ul />
  <SubCounter
    number={0}
  />
  <button
    onClick={[Function]}
  />
</div>
`;
